#!/bin/bash

. ${HOME}/.kube_helper

# https://github.com/derailed/k9s/issues/240

export KUBECONFIG=${KUBECONFIG:-${HOME}/.kube/config}

${HOME}/.local/bin/k9s ${NAMESPACE} ${CONTEXT} "$@"
